export const snapshot = {};

snapshot[`CI-C3 golden: buildPaperDocumentV2 (A/B/C) is byte-stable 1`] = `
{
  branding: {
    logoText: "NV",
    schoolName: "NIKSHA Vidyalaya",
  },
  durationMinutes: 60,
  format: "akshara-education-paper-v2",
  generalInstructions: [
    "All questions are compulsory.",
    "Marks are indicated against each question.",
  ],
  generatedAt: "2026-07-08T00:00:00.000Z",
  meta: {
    className: "10",
    difficulty: "mixed",
    examType: "unit_test",
    subjectName: "Mathematics",
    totalMarks: 18,
  },
  sections: [
    {
      code: "A",
      instructions: [
        "Choose the correct option.",
      ],
      questionCount: 4,
      title: "Objective",
    },
    {
      code: "B",
      instructions: [
        "Attempt any question in 2-3 sentences.",
      ],
      questionCount: 3,
      title: "Short Answer",
    },
  ],
  sets: [
    {
      answerKey: [
        {
          answer: "4",
          answerOption: "B",
          marks: 1,
          questionNumber: 1,
          sectionCode: "A",
        },
        {
          answer: "9",
          answerOption: "C",
          marks: 1,
          questionNumber: 2,
          sectionCode: "A",
        },
        {
          answer: "5",
          answerOption: "C",
          marks: 1,
          questionNumber: 3,
          sectionCode: "A",
        },
        {
          answer: "4",
          answerOption: "B",
          marks: 1,
          questionNumber: 4,
          sectionCode: "A",
        },
        {
          answer: "a^2 + b^2 = c^2 ...",
          marks: 5,
          questionNumber: 5,
          sectionCode: "B",
        },
        {
          answer: "x = 2 or x = 3",
          marks: 5,
          questionNumber: 6,
          sectionCode: "B",
        },
        {
          answer: "p/q, q != 0",
          marks: 4,
          questionNumber: 7,
          sectionCode: "B",
        },
      ],
      label: "A",
      master: true,
      sections: [
        {
          code: "A",
          instructions: [
            "Choose the correct option.",
          ],
          questions: [
            {
              marks: 1,
              options: [
                "3",
                "4",
                "5",
                "6",
              ],
              questionNumber: 1,
              questionText: "2 + 2 = ?",
              questionType: "mcq",
              sectionCode: "A",
              sourceItemId: "a1",
            },
            {
              marks: 1,
              options: [
                "6",
                "8",
                "9",
                "12",
              ],
              questionNumber: 2,
              questionText: "3 × 3 = ?",
              questionType: "mcq",
              sectionCode: "A",
              sourceItemId: "a2",
            },
            {
              marks: 1,
              options: [
                "2",
                "4",
                "5",
                "10",
              ],
              questionNumber: 3,
              questionText: "10 / 2 = ?",
              questionType: "mcq",
              sectionCode: "A",
              sourceItemId: "a3",
            },
            {
              marks: 1,
              options: [
                "3",
                "4",
                "5",
                "6",
              ],
              questionNumber: 4,
              questionText: "7 - 3 = ?",
              questionType: "mcq",
              sectionCode: "A",
              sourceItemId: "a4",
            },
          ],
          title: "Objective",
        },
        {
          code: "B",
          instructions: [
            "Attempt any question in 2-3 sentences.",
          ],
          questions: [
            {
              marks: 5,
              options: [],
              questionNumber: 5,
              questionText: "Prove the Pythagoras theorem.",
              questionType: "short_answer",
              sectionCode: "B",
              sourceItemId: "b1",
            },
            {
              marks: 5,
              options: [],
              questionNumber: 6,
              questionText: "Solve x^2 - 5x + 6 = 0.",
              questionType: "short_answer",
              sectionCode: "B",
              sourceItemId: "b2",
            },
            {
              marks: 4,
              options: [],
              questionNumber: 7,
              questionText: "Define a rational number.",
              questionType: "short_answer",
              sectionCode: "B",
              sourceItemId: "b3",
            },
          ],
          title: "Short Answer",
        },
      ],
      totalMarks: 18,
    },
    {
      answerKey: [
        {
          answer: "5",
          answerOption: "D",
          marks: 1,
          questionNumber: 1,
          sectionCode: "A",
        },
        {
          answer: "9",
          answerOption: "A",
          marks: 1,
          questionNumber: 2,
          sectionCode: "A",
        },
        {
          answer: "4",
          answerOption: "A",
          marks: 1,
          questionNumber: 3,
          sectionCode: "A",
        },
        {
          answer: "4",
          answerOption: "C",
          marks: 1,
          questionNumber: 4,
          sectionCode: "A",
        },
        {
          answer: "a^2 + b^2 = c^2 ...",
          marks: 5,
          questionNumber: 5,
          sectionCode: "B",
        },
        {
          answer: "p/q, q != 0",
          marks: 4,
          questionNumber: 6,
          sectionCode: "B",
        },
        {
          answer: "x = 2 or x = 3",
          marks: 5,
          questionNumber: 7,
          sectionCode: "B",
        },
      ],
      label: "B",
      master: false,
      sections: [
        {
          code: "A",
          instructions: [
            "Choose the correct option.",
          ],
          questions: [
            {
              marks: 1,
              options: [
                "10",
                "4",
                "2",
                "5",
              ],
              questionNumber: 1,
              questionText: "10 / 2 = ?",
              questionType: "mcq",
              sectionCode: "A",
              sourceItemId: "a3",
            },
            {
              marks: 1,
              options: [
                "9",
                "6",
                "8",
                "12",
              ],
              questionNumber: 2,
              questionText: "3 × 3 = ?",
              questionType: "mcq",
              sectionCode: "A",
              sourceItemId: "a2",
            },
            {
              marks: 1,
              options: [
                "4",
                "5",
                "6",
                "3",
              ],
              questionNumber: 3,
              questionText: "7 - 3 = ?",
              questionType: "mcq",
              sectionCode: "A",
              sourceItemId: "a4",
            },
            {
              marks: 1,
              options: [
                "5",
                "3",
                "4",
                "6",
              ],
              questionNumber: 4,
              questionText: "2 + 2 = ?",
              questionType: "mcq",
              sectionCode: "A",
              sourceItemId: "a1",
            },
          ],
          title: "Objective",
        },
        {
          code: "B",
          instructions: [
            "Attempt any question in 2-3 sentences.",
          ],
          questions: [
            {
              marks: 5,
              options: [],
              questionNumber: 5,
              questionText: "Prove the Pythagoras theorem.",
              questionType: "short_answer",
              sectionCode: "B",
              sourceItemId: "b1",
            },
            {
              marks: 4,
              options: [],
              questionNumber: 6,
              questionText: "Define a rational number.",
              questionType: "short_answer",
              sectionCode: "B",
              sourceItemId: "b3",
            },
            {
              marks: 5,
              options: [],
              questionNumber: 7,
              questionText: "Solve x^2 - 5x + 6 = 0.",
              questionType: "short_answer",
              sectionCode: "B",
              sourceItemId: "b2",
            },
          ],
          title: "Short Answer",
        },
      ],
      totalMarks: 18,
    },
    {
      answerKey: [
        {
          answer: "9",
          answerOption: "B",
          marks: 1,
          questionNumber: 1,
          sectionCode: "A",
        },
        {
          answer: "5",
          answerOption: "A",
          marks: 1,
          questionNumber: 2,
          sectionCode: "A",
        },
        {
          answer: "4",
          answerOption: "D",
          marks: 1,
          questionNumber: 3,
          sectionCode: "A",
        },
        {
          answer: "4",
          answerOption: "D",
          marks: 1,
          questionNumber: 4,
          sectionCode: "A",
        },
        {
          answer: "a^2 + b^2 = c^2 ...",
          marks: 5,
          questionNumber: 5,
          sectionCode: "B",
        },
        {
          answer: "p/q, q != 0",
          marks: 4,
          questionNumber: 6,
          sectionCode: "B",
        },
        {
          answer: "x = 2 or x = 3",
          marks: 5,
          questionNumber: 7,
          sectionCode: "B",
        },
      ],
      label: "C",
      master: false,
      sections: [
        {
          code: "A",
          instructions: [
            "Choose the correct option.",
          ],
          questions: [
            {
              marks: 1,
              options: [
                "6",
                "9",
                "12",
                "8",
              ],
              questionNumber: 1,
              questionText: "3 × 3 = ?",
              questionType: "mcq",
              sectionCode: "A",
              sourceItemId: "a2",
            },
            {
              marks: 1,
              options: [
                "5",
                "2",
                "10",
                "4",
              ],
              questionNumber: 2,
              questionText: "10 / 2 = ?",
              questionType: "mcq",
              sectionCode: "A",
              sourceItemId: "a3",
            },
            {
              marks: 1,
              options: [
                "5",
                "3",
                "6",
                "4",
              ],
              questionNumber: 3,
              questionText: "2 + 2 = ?",
              questionType: "mcq",
              sectionCode: "A",
              sourceItemId: "a1",
            },
            {
              marks: 1,
              options: [
                "3",
                "5",
                "6",
                "4",
              ],
              questionNumber: 4,
              questionText: "7 - 3 = ?",
              questionType: "mcq",
              sectionCode: "A",
              sourceItemId: "a4",
            },
          ],
          title: "Objective",
        },
        {
          code: "B",
          instructions: [
            "Attempt any question in 2-3 sentences.",
          ],
          questions: [
            {
              marks: 5,
              options: [],
              questionNumber: 5,
              questionText: "Prove the Pythagoras theorem.",
              questionType: "short_answer",
              sectionCode: "B",
              sourceItemId: "b1",
            },
            {
              marks: 4,
              options: [],
              questionNumber: 6,
              questionText: "Define a rational number.",
              questionType: "short_answer",
              sectionCode: "B",
              sourceItemId: "b3",
            },
            {
              marks: 5,
              options: [],
              questionNumber: 7,
              questionText: "Solve x^2 - 5x + 6 = 0.",
              questionType: "short_answer",
              sectionCode: "B",
              sourceItemId: "b2",
            },
          ],
          title: "Short Answer",
        },
      ],
      totalMarks: 18,
    },
  ],
  title: "Class 10 — Mathematics Unit Test (18 marks)",
}
`;
